
> starter_helpi@0.1.0 test
> react-scripts test --coverage

FAIL src/App.test.tsx
  ● Test suite failed to run

    Jest encountered an unexpected token

    Jest failed to parse a file. This happens e.g. when your code or its dependencies use non-standard JavaScript syntax, or when Jest is not configured to support such syntax.

    Out of the box Jest supports Babel, which will be used to transform your files into valid JS based on your Babel configuration.

    By default "node_modules" folder is ignored by transformers.

    Here's what you can do:
     • If you are trying to use ECMAScript Modules, see https://jestjs.io/docs/ecmascript-modules for how to enable it.
     • If you are trying to use TypeScript, see https://jestjs.io/docs/getting-started#using-typescript
     • To have some of your "node_modules" files transformed, you can specify a custom "transformIgnorePatterns" in your config.
     • If you need a custom transformation specify a "transform" option in your config.
     • If you simply want to mock your non-JS modules (e.g. binary assets) you can stub them out with the "moduleNameMapper" config option.

    You'll find more details and examples of these config options in the docs:
    https://jestjs.io/docs/configuration
    For information about custom transformations, see:
    https://jestjs.io/docs/code-transformation

    Details:

    /home/runner/work/starter_helpi/starter_helpi/node_modules/axios/index.js:1
    ({"Object.<anonymous>":function(module,exports,require,__dirname,__filename,jest){import axios from './lib/axios.js';
                                                                                      ^^^^^^

    SyntaxError: Cannot use import statement outside a module

      2 | import { Button, Form } from "react-bootstrap";
      3 | import "./DQPage.css";
    > 4 | import axios from "axios"; //install this in terminal
        | ^
      5 |
      6 | interface Props {
      7 |   setPage: (page: string) => void; // Define the type of setPage prop

      at Runtime.createScriptFromCode (node_modules/jest-runtime/build/index.js:1728:14)
      at Object.<anonymous> (src/Pages/DQPage.tsx:4:1)
      at Object.<anonymous> (src/App.tsx:7:1)
      at Object.<anonymous> (src/App.test.tsx:3:1)
      at TestScheduler.scheduleTests (node_modules/@jest/core/build/TestScheduler.js:333:13)
      at runJest (node_modules/@jest/core/build/runJest.js:404:19)
      at _run10000 (node_modules/@jest/core/build/cli/index.js:320:7)
      at runCLI (node_modules/@jest/core/build/cli/index.js:173:3)

[0;33mOne of your dependencies, babel-preset-react-app, is importing the
"@babel/plugin-proposal-private-property-in-object" package without
declaring it in its dependencies. This is currently working because
"@babel/plugin-proposal-private-property-in-object" is already in your
node_modules folder for unrelated reasons, but it [1mmay break at any time[0;33m.

babel-preset-react-app is part of the create-react-app project, [1mwhich
is not maintianed anymore[0;33m. It is thus unlikely that this bug will
ever be fixed. Add "@babel/plugin-proposal-private-property-in-object" to
your devDependencies to work around this error. This will make this message
go away.[0m
  
---------------------|---------|----------|---------|---------|-------------------
File                 | % Stmts | % Branch | % Funcs | % Lines | Uncovered Line #s 
---------------------|---------|----------|---------|---------|-------------------
All files            |       0 |        0 |       0 |       0 |                   
 src                 |       0 |        0 |       0 |       0 |                   
  App.tsx            |       0 |        0 |       0 |       0 | 9-77              
  index.tsx          |       0 |      100 |     100 |       0 | 7-19              
  reportWebVitals.ts |       0 |        0 |       0 |       0 | 3-10              
 src/Pages           |       0 |        0 |       0 |       0 |                   
  BQPage.tsx         |       0 |        0 |       0 |       0 | 26-284            
  DQPage.tsx         |       0 |        0 |       0 |       0 | 11-522            
  HomePage.tsx       |       0 |        0 |       0 |       0 | 11-105            
---------------------|---------|----------|---------|---------|-------------------
Test Suites: 1 failed, 1 total
Tests:       0 total
Snapshots:   0 total
Time:        3.587 s
Ran all test suites.
